// Jest Snapshot v1, https://goo.gl/fbAQLP

exports[`Progress renders correctly 1`] = `
<div
  class="carousel-dots"
>
  <div
    class="progress "
  >
    <div
      class="progress-bar"
      style="width: 100%; transition: 1s all;"
    />
  </div>
  <div
    class="progress "
  >
    <div
      class="progress-bar"
      style="width: 0%;"
    />
  </div>
  <div
    class="progress "
  >
    <div
      class="progress-bar"
      style="width: 0%;"
    />
  </div>
  <div
    class="progress "
  >
    <div
      class="progress-bar"
      style="width: 0%;"
    />
  </div>
</div>
`;

exports[`test Progress component renders correctly 1`] = `
<div
  class="carousel-dots"
>
  <div
    class="progress "
  >
    <div
      class="progress-bar"
      style="width: 100%; transition: 1s all;"
    />
  </div>
  <div
    class="progress "
  >
    <div
      class="progress-bar"
      style="width: 0%;"
    />
  </div>
  <div
    class="progress "
  >
    <div
      class="progress-bar"
      style="width: 0%;"
    />
  </div>
  <div
    class="progress "
  >
    <div
      class="progress-bar"
      style="width: 0%;"
    />
  </div>
</div>
`;
