// Jest Snapshot v1, https://goo.gl/fbAQLP

exports[`Indicators renders correctly 1`] = `
<DocumentFragment>
  <div
    class="indicators"
  >
    <div
      aria-label="indicator"
      class="indicator"
      role="progressbar"
    >
      <span
        aria-label="indicator progress"
        class="indicatorProgress"
        style="opacity: 1; animation: progress 1000ms linear;"
      />
    </div>
    <div
      aria-label="indicator"
      class="indicator"
      role="progressbar"
    >
      <span
        aria-label="indicator progress"
        class="indicatorProgress"
        style="opacity: 0; animation: none;"
      />
    </div>
    <div
      aria-label="indicator"
      class="indicator"
      role="progressbar"
    >
      <span
        aria-label="indicator progress"
        class="indicatorProgress"
        style="opacity: 0; animation: none;"
      />
    </div>
  </div>
</DocumentFragment>
`;
