// Jest Snapshot v1, https://goo.gl/fbAQLP

exports[`Carousel images should match snapshots 1`] = `
<div
  className="carousel"
  onMouseEnter={[Function]}
  onMouseLeave={[Function]}
>
  <div
    className="carouselContainer"
    onTransitionEnd={[Function]}
    style={
      Object {
        "transform": "translate(-0px, 0px)",
      }
    }
  >
    <div
      className="carouselItem active"
    >
      <div>
        1
      </div>
    </div>
    <div
      className="carouselItem"
    >
      <div>
        2
      </div>
    </div>
    <div
      className="carouselItem"
    >
      <div>
        3
      </div>
    </div>
    <div
      className="carouselItem"
    >
      <div>
        1
      </div>
    </div>
  </div>
  <div
    className="carouselDotContainer"
  >
    <div
      className="carouselDotItem active"
      onClick={[Function]}
    />
    <div
      className="carouselDotItem"
      onClick={[Function]}
    />
    <div
      className="carouselDotItem"
      onClick={[Function]}
    />
  </div>
</div>
`;
