// Jest Snapshot v1, https://goo.gl/fbAQLP

exports[`Carousel snapshot 1`] = `
<div
  className="carousel-wrap"
  style={
    Object {
      "width": "100%",
    }
  }
>
  <div
    className="carousel-track"
    style={
      Object {
        "transform": "translate3d(-000%, 0, 0)",
      }
    }
  >
    <div
      className="carousel-slide"
      data-index={0}
      style={Object {}}
      tabIndex="-1"
    >
      <h1>
        hello
      </h1>
    </div>
    <div
      className="carousel-slide"
      data-index={1}
      style={Object {}}
      tabIndex="-1"
    >
      <h1>
        world
      </h1>
    </div>
  </div>
  <div
    className="carousel-dots"
  >
    <div
      className="carousel-dot"
      onClick={[Function]}
    >
      <div
        className="carousel-dot-inner"
      >
        <div
          className="carousel-dot__process"
          style={Object {}}
        />
      </div>
    </div>
    <div
      className="carousel-dot"
      onClick={[Function]}
    >
      <div
        className="carousel-dot-inner"
      >
        <div
          className="carousel-dot__process"
          style={Object {}}
        />
      </div>
    </div>
  </div>
</div>
`;
