// Jest Snapshot v1, https://goo.gl/fbAQLP

exports[`test Carousel component renders correctly 1`] = `
<div
  class="carousel "
>
  <ul
    class="slick-list"
    style="transform: translateX(-0%); transition-duration: 1s;"
  >
    <li>
      <div>
        1
      </div>
    </li>
    <li>
      <div>
        2
      </div>
    </li>
    <li>
      <div>
        3
      </div>
    </li>
  </ul>
  <div
    class="carousel-dots"
  >
    <div
      class="progress "
    >
      <div
        class="progress-bar"
        style="width: 100%; transition: 3s all;"
      />
    </div>
    <div
      class="progress "
    >
      <div
        class="progress-bar"
        style="width: 0%;"
      />
    </div>
    <div
      class="progress "
    >
      <div
        class="progress-bar"
        style="width: 0%;"
      />
    </div>
  </div>
</div>
`;
