// Jest Snapshot v1, https://goo.gl/fbAQLP

exports[`test carousel carousel snapshot 1`] = `
<div>
  <div
    class="carousel"
  >
    <div
      class="swiper-wrapper"
      data-testid="swiper-wrapper"
      style="transition-duration: 1000ms; transform: translateX(0%);"
    >
      <div
        class="swiper-item"
      >
        <div
          class="slide-item"
        >
          <img
            alt="slide-img"
            class="slide-img"
            src="iphone.png"
          />
          <div
            class="slide-desc"
            data-testid="slide-desc"
          >
            <div
              style="color: white; font-size: 40px; font-weight: bold; line-height: 60px;"
            >
              xPhone
            </div>
            <div
              style="color: white; font-size: 30px; font-weight: normal; line-height: 40px; margin-top: 15px;"
            >
              Lots to love.Less to spend.
            </div>
            <div
              style="color: white; font-size: 30px; font-weight: normal; line-height: 40px;"
            >
              Starting at $399.
            </div>
          </div>
        </div>
      </div>
      <div
        class="swiper-item"
      >
        <div
          class="slide-item"
        >
          <img
            alt="slide-img"
            class="slide-img"
            src="tablet.png"
          />
          <div
            class="slide-desc"
            data-testid="slide-desc"
          >
            <div
              style="color: black; font-size: 40px; font-weight: bold; line-height: 60px;"
            >
              Tablet
            </div>
            <div
              style="color: black; font-size: 30px; font-weight: normal; line-height: 40px; margin-top: 15px;"
            >
              Just the right amount of everything.
            </div>
          </div>
        </div>
      </div>
      <div
        class="swiper-item"
      >
        <div
          class="slide-item"
        >
          <img
            alt="slide-img"
            class="slide-img"
            src="airpods.png"
          />
          <div
            class="slide-desc"
            data-testid="slide-desc"
          >
            <div
              style="color: black; font-size: 40px; font-weight: bold; line-height: 60px;"
            >
              Buy a Tablet or xPhone for college.
            </div>
            <div
              style="color: black; font-size: 40px; font-weight: bold; line-height: 60px;"
            >
              Get airPods.
            </div>
          </div>
        </div>
      </div>
    </div>
    <div
      class="indicator-wrapper"
      data-testid="indicator-wrapper"
    >
      <div
        class="indicator-item"
      >
        <div
          class="indicator-process"
          style="width: 50px; transition: 3000ms ease-in-out;"
        />
      </div>
      <div
        class="indicator-item"
      >
        <div
          class="indicator-process"
        />
      </div>
      <div
        class="indicator-item"
      >
        <div
          class="indicator-process"
        />
      </div>
    </div>
  </div>
</div>
`;
