// Jest Snapshot v1, https://goo.gl/fbAQLP

exports[`test slide-item slide-item snapshot 1`] = `
<div>
  <div
    class="slide-item"
  >
    <img
      alt="slide-img"
      class="slide-img"
      src="iphone.png"
    />
    <div
      class="slide-desc"
      data-testid="slide-desc"
    >
      <div
        style="color: white; font-size: 40px; font-weight: bold; line-height: 60px;"
      >
        xPhone
      </div>
      <div
        style="color: white; font-size: 30px; font-weight: normal; line-height: 40px; margin-top: 15px;"
      >
        Lots to love.Less to spend.
      </div>
      <div
        style="color: white; font-size: 30px; font-weight: normal; line-height: 40px;"
      >
        Starting at $399.
      </div>
    </div>
  </div>
</div>
`;
