// Jest Snapshot v1, https://goo.gl/fbAQLP

exports[`SellPoster 样式检查 1`] = `
<div
  className="sell-poster dark"
  style={
    Object {
      "background": " url('iphone.png') center center / auto 100% no-repeat",
      "height": "900px",
      "width": "1440px",
    }
  }
>
  <div
    className="sell-poster-content"
  >
    <ul
      className="sell-poster-title"
    >
      <li>
        xPhone
      </li>
    </ul>
    <ul
      className="sell-poster-des"
    >
      <li>
        Lots to love. Less to spend.
      </li>
      <li>
        Starting at $399.
      </li>
    </ul>
  </div>
</div>
`;
