// Jest Snapshot v1, https://goo.gl/fbAQLP

exports[`Button renders correctly 1`] = `
<div
  class="banner"
>
  <div
    class="container "
  >
    <div
      class="wrapper"
      style="transform: translateX(0px); width: 100%;"
    >
      <div
        class="slider"
      >
        1
      </div>
    </div>
  </div>
</div>
`;
