// Jest Snapshot v1, https://goo.gl/fbAQLP

exports[`test App renders correctly 1`] = `
<div
  class="App"
>
  <div
    class="carousel "
    style="height: 100vh;"
  >
    <ul
      class="slick-list"
      style="transform: translateX(-0%); transition-duration: 1s;"
    >
      <li>
        <div
          class="banner "
          style="color: rgb(255, 255, 255); background-color: rgb(16, 16, 16); background-image: url(iphone.png);"
        >
          <div
            class="banner-content"
          >
            <h3
              class="title"
            >
              xPhone
            </h3>
            <p
              class="text"
            >
              Lots to love.Less to spend.
Starting at $399.
            </p>
          </div>
        </div>
      </li>
      <li>
        <div
          class="banner "
          style="color: rgb(0, 0, 0); background-color: rgb(250, 250, 250); background-image: url(tablet.png);"
        >
          <div
            class="banner-content"
          >
            <h3
              class="title"
            >
              Tablet
            </h3>
            <p
              class="text"
            >
              Just the right amount of everything.
            </p>
          </div>
        </div>
      </li>
      <li>
        <div
          class="banner "
          style="color: rgb(0, 0, 0); background-color: rgb(242, 242, 244); background-image: url(airpods.png);"
        >
          <div
            class="banner-content"
          >
            <h3
              class="title"
            >
              Buy a Tablet or a xPhone for college.
Get arPods.
            </h3>
          </div>
        </div>
      </li>
    </ul>
    <div
      class="carousel-dots"
    >
      <div
        class="progress "
      >
        <div
          class="progress-bar"
          style="width: 100%; transition: 3s all;"
        />
      </div>
      <div
        class="progress "
      >
        <div
          class="progress-bar"
          style="width: 0%;"
        />
      </div>
      <div
        class="progress "
      >
        <div
          class="progress-bar"
          style="width: 0%;"
        />
      </div>
    </div>
  </div>
</div>
`;
