// Jest Snapshot v1, https://goo.gl/fbAQLP

exports[`take a snapshot: App 1`] = `
<DocumentFragment>
  <div
    class="App"
  >
    <div
      class="box"
    >
      <div
        class="main-content"
        id="main-content"
        style="transition: left 0.5s;"
      >
        <div
          class="content content1"
        >
          <h1>
            xPhone
          </h1>
          <p>
            Lots to love.Less to spend.
          </p>
          <p>
            Starting at $399
          </p>
        </div>
        <div
          class="content content2"
        >
          <h1>
            Tablet
          </h1>
          <p>
            Just the right amount of everything.
          </p>
        </div>
        <div
          class="content content3"
        >
          <h1>
            Buy a Tablet or xPhone for college.
          </h1>
          <h1>
            Get arPods.
          </h1>
        </div>
      </div>
      <div
        class="multi-circles"
      >
        <ul>
          <li
            class="active"
          >
            <div>
              <div
                class="button"
                style="transition: width 2s linear;"
              />
            </div>
          </li>
          <li
            class=""
          >
            <div>
              <div
                class="button"
                style="transition: width 2s linear;"
              />
            </div>
          </li>
          <li
            class=""
          >
            <div>
              <div
                class="button"
                style="transition: width 2s linear;"
              />
            </div>
          </li>
        </ul>
      </div>
    </div>
  </div>
</DocumentFragment>
`;
