// Jest Snapshot v1, https://goo.gl/fbAQLP

exports[`should take App component snapshot 1`] = `
<DocumentFragment>
  <div
    class="App"
  >
    <div
      class="carousel-demo-container"
    >
      <div
        class="carousel"
      >
        <div
          class="carousel-content"
          style="width: 300%; transform: translateX(0%); transition-duration: 0.4s;"
        >
          <div
            class="carousel-item"
            style="width: 33.333333333333336%;"
          >
            <div
              class="carousel-card"
              style="background-color: rgb(16, 16, 16); background-image: url(iphone.png);"
            >
              <div
                class="carousel-card-titles"
              >
                <div
                  class="carousel-card-title"
                  style="color: rgb(255, 255, 255);"
                >
                  xPhone
                </div>
              </div>
              <div
                class="carousel-card-contents"
              >
                <div
                  class="carousel-card-content"
                  style="color: rgb(255, 255, 255);"
                >
                  Lots to love. Less to spend
                </div>
                <div
                  class="carousel-card-content"
                  style="color: rgb(255, 255, 255);"
                >
                  Starting at $399.
                </div>
              </div>
            </div>
          </div>
          <div
            class="carousel-item"
            style="width: 33.333333333333336%;"
          >
            <div
              class="carousel-card"
              style="background-color: rgb(250, 250, 250); background-image: url(tablet.png);"
            >
              <div
                class="carousel-card-titles"
              >
                <div
                  class="carousel-card-title"
                  style="color: rgb(0, 0, 0);"
                >
                  Tablet
                </div>
              </div>
              <div
                class="carousel-card-contents"
              >
                <div
                  class="carousel-card-content"
                  style="color: rgb(1, 1, 0);"
                >
                  Just the right amount of everything
                </div>
              </div>
            </div>
          </div>
          <div
            class="carousel-item"
            style="width: 33.333333333333336%;"
          >
            <div
              class="carousel-card"
              style="background-color: rgb(242, 242, 243); background-image: url(airpods.png);"
            >
              <div
                class="carousel-card-titles"
              >
                <div
                  class="carousel-card-title"
                  style="color: rgb(1, 1, 1);"
                >
                  Buy a Tablet or xPhone for college
                </div>
                <div
                  class="carousel-card-title"
                  style="color: rgb(1, 1, 1);"
                >
                  Get arPods
                </div>
              </div>
              <div
                class="carousel-card-contents"
              />
            </div>
          </div>
        </div>
        <div
          class="carousel-step"
        >
          <div
            class="carousel-step-content"
          >
            <div
              class="carousel-step-item carousel-step-item-active"
            >
              <div
                class="carousel-step-progress"
                style="animation-duration: 3s;"
              />
            </div>
          </div>
          <div
            class="carousel-step-content"
          >
            <div
              class="carousel-step-item"
            />
          </div>
          <div
            class="carousel-step-content"
          >
            <div
              class="carousel-step-item"
            />
          </div>
        </div>
      </div>
    </div>
  </div>
</DocumentFragment>
`;
