// Jest Snapshot v1, https://goo.gl/fbAQLP

exports[`Carousel applies the correct HTML classes 1`] = `
<DocumentFragment>
  <div
    class="carousel-wrapper"
  >
    <div
      class="carousel"
      style="width: 0px; transform: translateX(0px);"
    >
      <li>
        Slide 1
      </li>
      <li>
        Slide 2
      </li>
      <li>
        Slide 3
      </li>
    </div>
    <dl
      class="carousel-dots"
    >
      <li
        class="carousel-dot active"
        style="animation-direction: 3s;"
      />
      <li
        class="carousel-dot"
        style="animation-direction: 3s;"
      />
      <li
        class="carousel-dot"
        style="animation-direction: 3s;"
      />
    </dl>
  </div>
</DocumentFragment>
`;
