// Jest Snapshot v1, https://goo.gl/fbAQLP

exports[`Carousel  - ref 1`] = `
<div>
  <div
    style="width: 300px; height: 100px;"
  >
    <div
      class="carousel"
    >
      <div
        class="carouselInner"
        style="transform: translate3d(0%, 0, 0);"
      >
        <div
          class="item"
          style="transform: translate3d(0%, 0, 0);"
        >
          <div
            style="width: 300px; height: 100px;"
          >
            Hello
          </div>
        </div>
        <div
          class="item"
          style="transform: translate3d(100%, 0, 0);"
        >
          <div
            style="width: 300px; height: 100px;"
          >
            World
          </div>
        </div>
        <div
          class="item"
          style="transform: translate3d(200%, 0, 0);"
        >
          <div
            style="width: 300px; height: 100px;"
          >
            HeiHei
          </div>
        </div>
      </div>
      <div
        class="indicatorOuter"
      >
        <div
          class="indicator"
          style="width: 40px;"
        >
          <div
            class="indicatorInner"
            data-testid=""
            style="width: 0px;"
          />
        </div>
        <div
          class="indicator"
          style="width: 40px;"
        >
          <div
            class="indicatorInner"
            data-testid=""
            style="width: 0px;"
          />
        </div>
        <div
          class="indicator"
          style="width: 40px;"
        >
          <div
            class="indicatorInner"
            data-testid=""
            style="width: 0px;"
          />
        </div>
      </div>
    </div>
  </div>
</div>
`;

exports[`Carousel - render 1`] = `
<div>
  <div
    style="width: 300px; height: 100px;"
  >
    <div
      class="carousel"
    >
      <div
        class="carouselInner"
        style="transform: translate3d(0%, 0, 0);"
      >
        <div
          class="item"
          style="transform: translate3d(0%, 0, 0);"
        >
          <div
            style="width: 300px; height: 100px;"
          >
            Hello
          </div>
        </div>
        <div
          class="item"
          style="transform: translate3d(100%, 0, 0);"
        >
          <div
            style="width: 300px; height: 100px;"
          >
            World
          </div>
        </div>
        <div
          class="item"
          style="transform: translate3d(200%, 0, 0);"
        >
          <div
            style="width: 300px; height: 100px;"
          >
            HeiHei
          </div>
        </div>
      </div>
      <div
        class="indicatorOuter"
      >
        <div
          class="indicator"
          style="width: 40px;"
        >
          <div
            class="indicatorInner"
            data-testid=""
            style="width: 0px;"
          />
        </div>
        <div
          class="indicator"
          style="width: 40px;"
        >
          <div
            class="indicatorInner"
            data-testid=""
            style="width: 0px;"
          />
        </div>
        <div
          class="indicator"
          style="width: 40px;"
        >
          <div
            class="indicatorInner"
            data-testid=""
            style="width: 0px;"
          />
        </div>
      </div>
    </div>
  </div>
</div>
`;
