// Jest Snapshot v1, https://goo.gl/fbAQLP

exports[`CarouselItem renders correctly 1`] = `
<DocumentFragment>
  <div
    aria-label="carousel item"
    class="carouselItem testClass"
  >
    <h2
      class="carouselItemTitle"
    >
      test title
    </h2>
    <h3
      class="carouselItemSubTitle"
    >
      test subtitle
    </h3>
    <img
      alt="test title"
      class="carouselItemImage"
      src="testImage"
    />
  </div>
</DocumentFragment>
`;
