// Jest Snapshot v1, https://goo.gl/fbAQLP

exports[`Banner renders correctly 1`] = `
<div
  class="banner "
  style="color: rgb(255, 255, 255); background-color: rgb(16, 16, 16);"
>
  <div
    class="banner-content"
  >
    <h3
      class="title"
    >
      xPhone
    </h3>
    <p
      class="text"
    >
      Lots to love.Less to spend.
Starting at $399.
    </p>
  </div>
</div>
`;

exports[`test Banner component renders correctly 1`] = `
<div
  class="banner "
  style="color: rgb(255, 255, 255); background-color: rgb(16, 16, 16);"
>
  <div
    class="banner-content"
  >
    <h3
      class="title"
    >
      xPhone
    </h3>
    <p
      class="text"
    >
      Lots to love.Less to spend.
Starting at $399.
    </p>
  </div>
</div>
`;
