// Jest Snapshot v1, https://goo.gl/fbAQLP

exports[`Test App Page App Page Render Snapshot 1`] = `
<div>
  <div
    class="App"
  >
    <div
      class="com-carousel-wrap"
    >
      <div
        class="com-carousel com-offset0"
      >
        <div
          class="com-carousel-item-box prefix-carousel-item-wrap prefix-carousel-item-dark"
        >
          <img
            class="prefix-carousel-item-image"
            src="iphone.png"
          />
          <div
            class="prefix-carousel-item"
          >
            <h2
              class="prefix-carousel-item-header"
            >
              xPhone
            </h2>
            <p
              class="prefix-carousel-item-content"
            >
              Lots to love. Less to spend.
            </p>
            <p
              class="prefix-carousel-item-content"
            >
              Starting at $399
            </p>
          </div>
        </div>
        <div
          class="com-carousel-item-box prefix-carousel-item-wrap prefix-carousel-item-light"
        >
          <img
            class="prefix-carousel-item-image"
            src="tablet.png"
          />
          <div
            class="prefix-carousel-item"
          >
            <h2
              class="prefix-carousel-item-header"
            >
              Tablet
            </h2>
            <p
              class="prefix-carousel-item-content"
            >
              Just the right amount of everything
            </p>
          </div>
        </div>
        <div
          class="com-carousel-item-box prefix-carousel-item-wrap prefix-carousel-item-gray"
        >
          <img
            class="prefix-carousel-item-image"
            src="airpods.png"
          />
          <div
            class="prefix-carousel-item"
          >
            <h2
              class="prefix-carousel-item-header"
            >
              Buy a Tablet or xPhone for college.
            </h2>
            <h2
              class="prefix-carousel-item-header"
            >
              Get airPods
            </h2>
          </div>
        </div>
      </div>
      <ul
        class="com-dots"
      >
        <li
          class="com-dots-item"
        >
          <div
            class="com-dots-inner com-dots-actived"
            style="transition-duration: 3000ms;"
          />
        </li>
        <li
          class="com-dots-item"
        >
          <div
            class="com-dots-inner"
            style="transition-duration: 0ms;"
          />
        </li>
        <li
          class="com-dots-item"
        >
          <div
            class="com-dots-inner"
            style="transition-duration: 0ms;"
          />
        </li>
      </ul>
    </div>
  </div>
</div>
`;
