// Jest Snapshot v1, https://goo.gl/fbAQLP

exports[`short id convert should return fixed uniq 8 length short id when encode give any int number <= 194754273880 1`] = `"XJA9v3m8"`;

exports[`short id convert should return fixed uniq 8 length short id when encode give any int number <= 194754273880 2`] = `"Wnnnnnnn"`;
