// Jest Snapshot v1, https://goo.gl/fbAQLP

exports[`Carousel renders correctly 1`] = `
<DocumentFragment>
  <div
    class="carousel"
  >
    <ul
      aria-label="carousel items"
      class="carouselItems"
      style="width: 300vw; transform: translateX(-0vw);"
    >
      <li
        class="carouselItemWrapper"
      >
        <div
          aria-label="carousel item"
          class="carouselItem carouselItemIphone"
        >
          <h2
            class="carouselItemTitle"
          >
            xPhone
          </h2>
          <h3
            class="carouselItemSubTitle"
          >
            Lots to love.less to spend.
Starting as $399.
          </h3>
          <img
            alt="xPhone"
            class="carouselItemImage"
            src="iphone.png"
          />
        </div>
      </li>
      <li
        class="carouselItemWrapper"
      >
        <div
          aria-label="carousel item"
          class="carouselItem carouselItemTablet"
        >
          <h2
            class="carouselItemTitle"
          >
            Tablet
          </h2>
          <h3
            class="carouselItemSubTitle"
          >
            Just the right amount of everything.
          </h3>
          <img
            alt="Tablet"
            class="carouselItemImage"
            src="tablet.png"
          />
        </div>
      </li>
      <li
        class="carouselItemWrapper"
      >
        <div
          aria-label="carousel item"
          class="carouselItem carouselItemAirPod"
        >
          <h2
            class="carouselItemTitle"
          >
            Buy a Tablet or xPhone for college.
Get airPods.
          </h2>
          <h3
            class="carouselItemSubTitle"
          />
          <img
            alt="Buy a Tablet or xPhone for college.
Get airPods."
            class="carouselItemImage"
            src="airpods.png"
          />
        </div>
      </li>
    </ul>
    <div
      class="indicators"
    >
      <div
        aria-label="indicator"
        class="indicator"
        role="progressbar"
      >
        <span
          aria-label="indicator progress"
          class="indicatorProgress"
          style="opacity: 1; animation: progress 3000ms linear;"
        />
      </div>
      <div
        aria-label="indicator"
        class="indicator"
        role="progressbar"
      >
        <span
          aria-label="indicator progress"
          class="indicatorProgress"
          style="opacity: 0; animation: none;"
        />
      </div>
      <div
        aria-label="indicator"
        class="indicator"
        role="progressbar"
      >
        <span
          aria-label="indicator progress"
          class="indicatorProgress"
          style="opacity: 0; animation: none;"
        />
      </div>
    </div>
  </div>
</DocumentFragment>
`;
