// Jest Snapshot v1, https://goo.gl/fbAQLP

exports[`CarouselCard should render CarouselCard component 1`] = `
<DocumentFragment>
  <div
    class="carousel-card"
    style="color: rgb(255, 255, 255); background-color: rgb(255, 255, 255);"
  >
    <h2
      class="carousel-card__title"
    >
      title
    </h2>
    <p
      class="carousel-card__desc"
    >
      desc
    </p>
  </div>
</DocumentFragment>
`;
