// Jest Snapshot v1, https://goo.gl/fbAQLP

exports[`Carousel should render Carousel component 1`] = `
<DocumentFragment>
  <div
    class="carousel"
  >
    <ul
      class="carousel-item__container"
      style="transform: translateX(-0%); transition-duration: 1000ms;"
    />
    <div
      class="indicator__container"
    >
      <ul
        class="indicator"
      />
    </div>
  </div>
</DocumentFragment>
`;
