// Jest Snapshot v1, https://goo.gl/fbAQLP

exports[`renders 1`] = `
<DocumentFragment>
  <div
    class="carousel-wrap"
    style="background-color: cyan;"
  >
    <div
      class="carousel-list"
      style="transform: translateX(calc(-100% * 0));"
    >
      <div
        class="carousel-item active"
      >
        <div
          class="carousel-item__title"
        >
          title1
        </div>
        <div
          class="carousel-item__content"
        >
          content1
        </div>
      </div>
      <div
        class="carousel-item"
      >
        <div
          class="carousel-item__title"
        >
          title2
        </div>
        <div
          class="carousel-item__content"
        >
          content2
        </div>
      </div>
    </div>
    <div
      class="carousel-indicator"
    >
      <div
        class="carousel-indicator__item active"
      >
        <div
          class="carousel-indicator__timer"
          style="animation-duration: 2000ms;"
        />
      </div>
      <div
        class="carousel-indicator__item"
      />
    </div>
    <div
      class="carousel-nav-bar__prev"
    >
      &lt;
    </div>
    <div
      class="carousel-nav-bar__next"
    >
      &gt;
    </div>
  </div>
</DocumentFragment>
`;
