// Jest Snapshot v1, https://goo.gl/fbAQLP

exports[`Carousel should render 1`] = `
<DocumentFragment>
  <div
    class="carousel"
    style="--indicator-animation-duration: 3500ms;"
  >
    <ul
      class="carousel-wrapper"
      style="transform: translateX(-0%);"
    >
      <li
        class="carousel-item active"
        data-testid="carouse-item-0"
      >
        <h1>
          Slide 1
        </h1>
      </li>
      <li
        class="carousel-item"
        data-testid="carouse-item-1"
      >
        <h1>
          Slide 2
        </h1>
      </li>
    </ul>
    <ul
      class="indicators"
    >
      <li
        class="indicator active"
        data-testid="indicator-0"
      >
        <span
          class="indicator__track"
        >
          <span
            class="indicator__bar"
          />
        </span>
      </li>
      <li
        class="indicator"
        data-testid="indicator-1"
      >
        <span
          class="indicator__track"
        >
          <span
            class="indicator__bar"
          />
        </span>
      </li>
    </ul>
  </div>
</DocumentFragment>
`;
