// Jest Snapshot v1, https://goo.gl/fbAQLP

exports[`Indicator should render Indicator component 1`] = `
<DocumentFragment>
  <ul
    class="indicator"
  >
    <li
      class="indicator__item indicator__item_active"
    >
      <span
        class="indicator__progress"
        style="animation-duration: 1000ms;"
      />
    </li>
    <li
      class="indicator__item"
    >
      <span
        class="indicator__progress"
      />
    </li>
    <li
      class="indicator__item"
    >
      <span
        class="indicator__progress"
      />
    </li>
  </ul>
</DocumentFragment>
`;
