// Jest Snapshot v1, https://goo.gl/fbAQLP

exports[`render 1`] = `
<body>
  <div>
    <div
      class="carousel-wrapper"
      style="width: 100%; height: 100%;"
    >
      <div
        class="carousel-item"
        style="color: white; background-color: rgb(17, 17, 17); transition: left 500ms linear; left: 0%;"
      >
        <div
          class="title-wrapper"
        >
          <div>
            xPhone
          </div>
        </div>
        <div
          class="subtitle-wrapper"
        >
          <div>
            Lots to love. Less to spend.
          </div>
          <div>
            Starting at $399.
          </div>
        </div>
        <div
          class="image-wrapper"
        >
          <img
            alt=""
            src="iphone"
          />
        </div>
      </div>
      <div
        class="carousel-item"
        style="color: black; background-color: rgb(250, 250, 250); transition: left 500ms linear; left: 100%;"
      >
        <div
          class="title-wrapper"
        >
          <div>
            Tablet
          </div>
        </div>
        <div
          class="subtitle-wrapper"
        >
          <div>
            Just the right amount of everything.
          </div>
        </div>
        <div
          class="image-wrapper"
        >
          <img
            alt=""
            src="tablet"
          />
        </div>
      </div>
      <div
        class="carousel-item"
        style="color: black; background-color: rgb(242, 242, 243); transition: left 500ms linear; left: 200%;"
      >
        <div
          class="title-wrapper"
        >
          <div>
            Buy a Tablet or xPhone for college.
          </div>
          <div>
            Get arPods
          </div>
        </div>
        <div
          class="subtitle-wrapper"
        />
        <div
          class="image-wrapper"
        >
          <img
            alt=""
            src="airpods"
          />
        </div>
      </div>
      <div
        class="carousel-indicator"
      >
        <div
          class="carousel-indicator-item"
        >
          <div
            class="carousel-indicator-item-handler"
            style="width: 100%; transition: width 2500ms linear;"
          />
        </div>
        <div
          class="carousel-indicator-item"
        >
          <div
            class="carousel-indicator-item-handler"
            style="width: 0%;"
          />
        </div>
        <div
          class="carousel-indicator-item"
        >
          <div
            class="carousel-indicator-item-handler"
            style="width: 0%;"
          />
        </div>
      </div>
    </div>
  </div>
</body>
`;
